// Jest Snapshot v1, https://goo.gl/fbAQLP

exports[`With Snapshot Testing App shows "Filters" 1`] = `
<div
  className="filterContainer"
>
  <h4>
    Filters
  </h4>
  <div
    className="filterItems"
  >
    Launch Year 
    <hr />
    <div
      className="ant-radio-group ant-radio-group-solid"
    >
      <label
        className="ant-radio-button-wrapper filterButton"
      >
        <span
          className="ant-radio-button"
          style={Object {}}
        >
          <input
            checked={false}
            className="ant-radio-button-input"
            onBlur={[Function]}
            onChange={[Function]}
            onClick={[Function]}
            onFocus={[Function]}
            onKeyDown={[Function]}
            onKeyPress={[Function]}
            onKeyUp={[Function]}
            type="radio"
            value={2006}
          />
          <span
            className="ant-radio-button-inner"
          />
        </span>
        <span>
          <span
            style={
              Object {
                "color": "black",
              }
            }
          >
            2006
          </span>
        </span>
      </label>
      <label
        className="ant-radio-button-wrapper filterButton"
      >
        <span
          className="ant-radio-button"
          style={Object {}}
        >
          <input
            checked={false}
            className="ant-radio-button-input"
            onBlur={[Function]}
            onChange={[Function]}
            onClick={[Function]}
            onFocus={[Function]}
            onKeyDown={[Function]}
            onKeyPress={[Function]}
            onKeyUp={[Function]}
            type="radio"
            value={2007}
          />
          <span
            className="ant-radio-button-inner"
          />
        </span>
        <span>
          <span
            style={
              Object {
                "color": "black",
              }
            }
          >
            2007
          </span>
        </span>
      </label>
      <label
        className="ant-radio-button-wrapper filterButton"
      >
        <span
          className="ant-radio-button"
          style={Object {}}
        >
          <input
            checked={false}
            className="ant-radio-button-input"
            onBlur={[Function]}
            onChange={[Function]}
            onClick={[Function]}
            onFocus={[Function]}
            onKeyDown={[Function]}
            onKeyPress={[Function]}
            onKeyUp={[Function]}
            type="radio"
            value={2008}
          />
          <span
            className="ant-radio-button-inner"
          />
        </span>
        <span>
          <span
            style={
              Object {
                "color": "black",
              }
            }
          >
            2008
          </span>
        </span>
      </label>
      <label
        className="ant-radio-button-wrapper filterButton"
      >
        <span
          className="ant-radio-button"
          style={Object {}}
        >
          <input
            checked={false}
            className="ant-radio-button-input"
            onBlur={[Function]}
            onChange={[Function]}
            onClick={[Function]}
            onFocus={[Function]}
            onKeyDown={[Function]}
            onKeyPress={[Function]}
            onKeyUp={[Function]}
            type="radio"
            value={2009}
          />
          <span
            className="ant-radio-button-inner"
          />
        </span>
        <span>
          <span
            style={
              Object {
                "color": "black",
              }
            }
          >
            2009
          </span>
        </span>
      </label>
      <label
        className="ant-radio-button-wrapper filterButton"
      >
        <span
          className="ant-radio-button"
          style={Object {}}
        >
          <input
            checked={false}
            className="ant-radio-button-input"
            onBlur={[Function]}
            onChange={[Function]}
            onClick={[Function]}
            onFocus={[Function]}
            onKeyDown={[Function]}
            onKeyPress={[Function]}
            onKeyUp={[Function]}
            type="radio"
            value={2010}
          />
          <span
            className="ant-radio-button-inner"
          />
        </span>
        <span>
          <span
            style={
              Object {
                "color": "black",
              }
            }
          >
            2010
          </span>
        </span>
      </label>
      <label
        className="ant-radio-button-wrapper filterButton"
      >
        <span
          className="ant-radio-button"
          style={Object {}}
        >
          <input
            checked={false}
            className="ant-radio-button-input"
            onBlur={[Function]}
            onChange={[Function]}
            onClick={[Function]}
            onFocus={[Function]}
            onKeyDown={[Function]}
            onKeyPress={[Function]}
            onKeyUp={[Function]}
            type="radio"
            value={2011}
          />
          <span
            className="ant-radio-button-inner"
          />
        </span>
        <span>
          <span
            style={
              Object {
                "color": "black",
              }
            }
          >
            2011
          </span>
        </span>
      </label>
      <label
        className="ant-radio-button-wrapper filterButton"
      >
        <span
          className="ant-radio-button"
          style={Object {}}
        >
          <input
            checked={false}
            className="ant-radio-button-input"
            onBlur={[Function]}
            onChange={[Function]}
            onClick={[Function]}
            onFocus={[Function]}
            onKeyDown={[Function]}
            onKeyPress={[Function]}
            onKeyUp={[Function]}
            type="radio"
            value={2012}
          />
          <span
            className="ant-radio-button-inner"
          />
        </span>
        <span>
          <span
            style={
              Object {
                "color": "black",
              }
            }
          >
            2012
          </span>
        </span>
      </label>
      <label
        className="ant-radio-button-wrapper filterButton"
      >
        <span
          className="ant-radio-button"
          style={Object {}}
        >
          <input
            checked={false}
            className="ant-radio-button-input"
            onBlur={[Function]}
            onChange={[Function]}
            onClick={[Function]}
            onFocus={[Function]}
            onKeyDown={[Function]}
            onKeyPress={[Function]}
            onKeyUp={[Function]}
            type="radio"
            value={2013}
          />
          <span
            className="ant-radio-button-inner"
          />
        </span>
        <span>
          <span
            style={
              Object {
                "color": "black",
              }
            }
          >
            2013
          </span>
        </span>
      </label>
      <label
        className="ant-radio-button-wrapper filterButton"
      >
        <span
          className="ant-radio-button"
          style={Object {}}
        >
          <input
            checked={false}
            className="ant-radio-button-input"
            onBlur={[Function]}
            onChange={[Function]}
            onClick={[Function]}
            onFocus={[Function]}
            onKeyDown={[Function]}
            onKeyPress={[Function]}
            onKeyUp={[Function]}
            type="radio"
            value={2014}
          />
          <span
            className="ant-radio-button-inner"
          />
        </span>
        <span>
          <span
            style={
              Object {
                "color": "black",
              }
            }
          >
            2014
          </span>
        </span>
      </label>
      <label
        className="ant-radio-button-wrapper filterButton"
      >
        <span
          className="ant-radio-button"
          style={Object {}}
        >
          <input
            checked={false}
            className="ant-radio-button-input"
            onBlur={[Function]}
            onChange={[Function]}
            onClick={[Function]}
            onFocus={[Function]}
            onKeyDown={[Function]}
            onKeyPress={[Function]}
            onKeyUp={[Function]}
            type="radio"
            value={2015}
          />
          <span
            className="ant-radio-button-inner"
          />
        </span>
        <span>
          <span
            style={
              Object {
                "color": "black",
              }
            }
          >
            2015
          </span>
        </span>
      </label>
      <label
        className="ant-radio-button-wrapper filterButton"
      >
        <span
          className="ant-radio-button"
          style={Object {}}
        >
          <input
            checked={false}
            className="ant-radio-button-input"
            onBlur={[Function]}
            onChange={[Function]}
            onClick={[Function]}
            onFocus={[Function]}
            onKeyDown={[Function]}
            onKeyPress={[Function]}
            onKeyUp={[Function]}
            type="radio"
            value={2016}
          />
          <span
            className="ant-radio-button-inner"
          />
        </span>
        <span>
          <span
            style={
              Object {
                "color": "black",
              }
            }
          >
            2016
          </span>
        </span>
      </label>
      <label
        className="ant-radio-button-wrapper filterButton"
      >
        <span
          className="ant-radio-button"
          style={Object {}}
        >
          <input
            checked={false}
            className="ant-radio-button-input"
            onBlur={[Function]}
            onChange={[Function]}
            onClick={[Function]}
            onFocus={[Function]}
            onKeyDown={[Function]}
            onKeyPress={[Function]}
            onKeyUp={[Function]}
            type="radio"
            value={2017}
          />
          <span
            className="ant-radio-button-inner"
          />
        </span>
        <span>
          <span
            style={
              Object {
                "color": "black",
              }
            }
          >
            2017
          </span>
        </span>
      </label>
      <label
        className="ant-radio-button-wrapper filterButton"
      >
        <span
          className="ant-radio-button"
          style={Object {}}
        >
          <input
            checked={false}
            className="ant-radio-button-input"
            onBlur={[Function]}
            onChange={[Function]}
            onClick={[Function]}
            onFocus={[Function]}
            onKeyDown={[Function]}
            onKeyPress={[Function]}
            onKeyUp={[Function]}
            type="radio"
            value={2018}
          />
          <span
            className="ant-radio-button-inner"
          />
        </span>
        <span>
          <span
            style={
              Object {
                "color": "black",
              }
            }
          >
            2018
          </span>
        </span>
      </label>
      <label
        className="ant-radio-button-wrapper filterButton"
      >
        <span
          className="ant-radio-button"
          style={Object {}}
        >
          <input
            checked={false}
            className="ant-radio-button-input"
            onBlur={[Function]}
            onChange={[Function]}
            onClick={[Function]}
            onFocus={[Function]}
            onKeyDown={[Function]}
            onKeyPress={[Function]}
            onKeyUp={[Function]}
            type="radio"
            value={2019}
          />
          <span
            className="ant-radio-button-inner"
          />
        </span>
        <span>
          <span
            style={
              Object {
                "color": "black",
              }
            }
          >
            2019
          </span>
        </span>
      </label>
      <label
        className="ant-radio-button-wrapper filterButton"
      >
        <span
          className="ant-radio-button"
          style={Object {}}
        >
          <input
            checked={false}
            className="ant-radio-button-input"
            onBlur={[Function]}
            onChange={[Function]}
            onClick={[Function]}
            onFocus={[Function]}
            onKeyDown={[Function]}
            onKeyPress={[Function]}
            onKeyUp={[Function]}
            type="radio"
            value={2020}
          />
          <span
            className="ant-radio-button-inner"
          />
        </span>
        <span>
          <span
            style={
              Object {
                "color": "black",
              }
            }
          >
            2020
          </span>
        </span>
      </label>
    </div>
  </div>
  <br />
  <div
    className="filterItems"
  >
    Successful Launch 
    <hr />
    <div
      className="filterItems"
    >
      <div
        className="ant-radio-group ant-radio-group-solid"
      >
        <label
          className="ant-radio-button-wrapper filterButton"
        >
          <span
            className="ant-radio-button"
            style={Object {}}
          >
            <input
              checked={false}
              className="ant-radio-button-input"
              onBlur={[Function]}
              onChange={[Function]}
              onClick={[Function]}
              onFocus={[Function]}
              onKeyDown={[Function]}
              onKeyPress={[Function]}
              onKeyUp={[Function]}
              type="radio"
              value={true}
            />
            <span
              className="ant-radio-button-inner"
            />
          </span>
          <span>
            <span
              style={
                Object {
                  "color": "black",
                }
              }
            >
              True
            </span>
          </span>
        </label>
        <label
          className="ant-radio-button-wrapper filterButton"
        >
          <span
            className="ant-radio-button"
            style={Object {}}
          >
            <input
              checked={false}
              className="ant-radio-button-input"
              onBlur={[Function]}
              onChange={[Function]}
              onClick={[Function]}
              onFocus={[Function]}
              onKeyDown={[Function]}
              onKeyPress={[Function]}
              onKeyUp={[Function]}
              type="radio"
              value={false}
            />
            <span
              className="ant-radio-button-inner"
            />
          </span>
          <span>
            <span
              style={
                Object {
                  "color": "black",
                }
              }
            >
              False
            </span>
          </span>
        </label>
      </div>
    </div>
  </div>
  <br />
  <div
    className="filterItems"
  >
    Successful Landing 
    <hr />
    <div
      className="filterItems"
    >
      <div
        className="ant-radio-group ant-radio-group-solid"
      >
        <label
          className="ant-radio-button-wrapper filterButton"
        >
          <span
            className="ant-radio-button"
            style={Object {}}
          >
            <input
              checked={false}
              className="ant-radio-button-input"
              onBlur={[Function]}
              onChange={[Function]}
              onClick={[Function]}
              onFocus={[Function]}
              onKeyDown={[Function]}
              onKeyPress={[Function]}
              onKeyUp={[Function]}
              type="radio"
              value={true}
            />
            <span
              className="ant-radio-button-inner"
            />
          </span>
          <span>
            True
          </span>
        </label>
        <label
          className="ant-radio-button-wrapper filterButton"
        >
          <span
            className="ant-radio-button"
            style={Object {}}
          >
            <input
              checked={false}
              className="ant-radio-button-input"
              onBlur={[Function]}
              onChange={[Function]}
              onClick={[Function]}
              onFocus={[Function]}
              onKeyDown={[Function]}
              onKeyPress={[Function]}
              onKeyUp={[Function]}
              type="radio"
              value={false}
            />
            <span
              className="ant-radio-button-inner"
            />
          </span>
          <span>
            False
          </span>
        </label>
      </div>
    </div>
  </div>
</div>
`;
