// Jest Snapshot v1, https://goo.gl/fbAQLP

exports[`With Snapshot Testing App shows "Filters" 1`] = `
<div
  className="filterContainer"
>
  <div
    className="filterTitleRow"
  >
    <h3>
      Filters
    </h3>
    <button
      className="resetButton"
      onClick={[Function]}
    >
      Reset
    </button>
  </div>
  <div
    className="filterItems"
  >
    <div
      className="filterTitle"
    >
      Launch Year
    </div>
    <button
      className="filterButton"
      onClick={[Function]}
      style={
        Object {
          "background": "#b4ffa2",
        }
      }
    >
      2006
    </button>
    <button
      className="filterButton"
      onClick={[Function]}
      style={
        Object {
          "background": "#b4ffa2",
        }
      }
    >
      2007
    </button>
    <button
      className="filterButton"
      onClick={[Function]}
      style={
        Object {
          "background": "#b4ffa2",
        }
      }
    >
      2008
    </button>
    <button
      className="filterButton"
      onClick={[Function]}
      style={
        Object {
          "background": "#b4ffa2",
        }
      }
    >
      2009
    </button>
    <button
      className="filterButton"
      onClick={[Function]}
      style={
        Object {
          "background": "#b4ffa2",
        }
      }
    >
      2010
    </button>
    <button
      className="filterButton"
      onClick={[Function]}
      style={
        Object {
          "background": "#b4ffa2",
        }
      }
    >
      2011
    </button>
    <button
      className="filterButton"
      onClick={[Function]}
      style={
        Object {
          "background": "#b4ffa2",
        }
      }
    >
      2012
    </button>
    <button
      className="filterButton"
      onClick={[Function]}
      style={
        Object {
          "background": "#b4ffa2",
        }
      }
    >
      2013
    </button>
    <button
      className="filterButton"
      onClick={[Function]}
      style={
        Object {
          "background": "#b4ffa2",
        }
      }
    >
      2014
    </button>
    <button
      className="filterButton"
      onClick={[Function]}
      style={
        Object {
          "background": "#b4ffa2",
        }
      }
    >
      2015
    </button>
    <button
      className="filterButton"
      onClick={[Function]}
      style={
        Object {
          "background": "#b4ffa2",
        }
      }
    >
      2016
    </button>
    <button
      className="filterButton"
      onClick={[Function]}
      style={
        Object {
          "background": "#b4ffa2",
        }
      }
    >
      2017
    </button>
    <button
      className="filterButton"
      onClick={[Function]}
      style={
        Object {
          "background": "#b4ffa2",
        }
      }
    >
      2018
    </button>
    <button
      className="filterButton"
      onClick={[Function]}
      style={
        Object {
          "background": "#b4ffa2",
        }
      }
    >
      2019
    </button>
    <button
      className="filterButton"
      onClick={[Function]}
      style={
        Object {
          "background": "#b4ffa2",
        }
      }
    >
      2020
    </button>
  </div>
  <div
    className="filterItems"
  >
    <div
      className="filterTitle"
    >
      Successful Launch
    </div>
    <div
      className="filterItems"
    >
      <button
        className="filterButton"
        onClick={[Function]}
        style={
          Object {
            "background": "#b4ffa2",
          }
        }
      >
        True
      </button>
      <button
        className="filterButton"
        onClick={[Function]}
        style={
          Object {
            "background": "#b4ffa2",
          }
        }
      >
        False
      </button>
    </div>
  </div>
  <div
    className="filterItems"
  >
    <div
      className="filterTitle"
    >
      Successful Landing
    </div>
    <div
      className="filterItems"
    >
      <button
        className="filterButton"
        onClick={[Function]}
        style={
          Object {
            "background": "#b4ffa2",
          }
        }
      >
        True
      </button>
      <button
        className="filterButton"
        onClick={[Function]}
        style={
          Object {
            "background": "#b4ffa2",
          }
        }
      >
        False
      </button>
    </div>
  </div>
</div>
`;
